Archive member included to satisfy reference by file (symbol)

c:/Users/DELL/cyclone4_fpga/nios_blink/software/nios_blink_bsp/\libhal_bsp.a(alt_load.o)
                              c:/Users/DELL/cyclone4_fpga/nios_blink/software/nios_blink_bsp//obj/HAL/src/crt0.o (alt_load)
c:/Users/DELL/cyclone4_fpga/nios_blink/software/nios_blink_bsp/\libhal_bsp.a(alt_main.o)
                              c:/Users/DELL/cyclone4_fpga/nios_blink/software/nios_blink_bsp//obj/HAL/src/crt0.o (alt_main)
c:/Users/DELL/cyclone4_fpga/nios_blink/software/nios_blink_bsp/\libhal_bsp.a(alt_putstr.o)
                              obj/default/hello_world_small.o (alt_putstr)
c:/Users/DELL/cyclone4_fpga/nios_blink/software/nios_blink_bsp/\libhal_bsp.a(alt_sys_init.o)
                              c:/Users/DELL/cyclone4_fpga/nios_blink/software/nios_blink_bsp/\libhal_bsp.a(alt_main.o) (alt_irq_init)
c:/Users/DELL/cyclone4_fpga/nios_blink/software/nios_blink_bsp/\libhal_bsp.a(altera_avalon_jtag_uart_write.o)
                              c:/Users/DELL/cyclone4_fpga/nios_blink/software/nios_blink_bsp/\libhal_bsp.a(alt_putstr.o) (altera_avalon_jtag_uart_write)
c:/Users/DELL/cyclone4_fpga/nios_blink/software/nios_blink_bsp/\libhal_bsp.a(alt_dcache_flush_all.o)
                              c:/Users/DELL/cyclone4_fpga/nios_blink/software/nios_blink_bsp/\libhal_bsp.a(alt_load.o) (alt_dcache_flush_all)
c:/Users/DELL/cyclone4_fpga/nios_blink/software/nios_blink_bsp/\libhal_bsp.a(alt_icache_flush_all.o)
                              c:/Users/DELL/cyclone4_fpga/nios_blink/software/nios_blink_bsp/\libhal_bsp.a(alt_load.o) (alt_icache_flush_all)
c:/Users/DELL/cyclone4_fpga/nios_blink/software/nios_blink_bsp/\libhal_bsp.a(altera_nios2_gen2_irq.o)
                              c:/Users/DELL/cyclone4_fpga/nios_blink/software/nios_blink_bsp/\libhal_bsp.a(alt_sys_init.o) (altera_nios2_gen2_irq_init)
c:/intelfpga_lite/20.1/nios2eds/bin/gnu/h-x86_64-mingw32/bin/../lib/gcc/nios2-elf/10.1.1/../../../../../H-x86_64-mingw32/nios2-elf/lib/mno-hw-mul\libsmallc.a(lib_a-memcpy.o)
                              c:/Users/DELL/cyclone4_fpga/nios_blink/software/nios_blink_bsp/\libhal_bsp.a(alt_load.o) (memcpy)
c:/intelfpga_lite/20.1/nios2eds/bin/gnu/h-x86_64-mingw32/bin/../lib/gcc/nios2-elf/10.1.1/../../../../../H-x86_64-mingw32/nios2-elf/lib/mno-hw-mul\libsmallc.a(lib_a-strlen.o)
                              c:/Users/DELL/cyclone4_fpga/nios_blink/software/nios_blink_bsp/\libhal_bsp.a(alt_putstr.o) (strlen)

Memory Configuration

Name             Origin             Length             Attributes
reset            0x0000000000008000 0x0000000000000020
onchip_mem       0x0000000000008020 0x0000000000004fe0
*default*        0x0000000000000000 0xffffffffffffffff

Linker script and memory map

LOAD c:/Users/DELL/cyclone4_fpga/nios_blink/software/nios_blink_bsp//obj/HAL/src/crt0.o
LOAD obj/default/hello_world_small.o
LOAD c:/intelfpga_lite/20.1/nios2eds/bin/gnu/h-x86_64-mingw32/bin/../lib/gcc/nios2-elf/10.1.1/../../../../../H-x86_64-mingw32/nios2-elf/lib/mno-hw-mul\libstdc++.a
LOAD c:/intelfpga_lite/20.1/nios2eds/bin/gnu/h-x86_64-mingw32/bin/../lib/gcc/nios2-elf/10.1.1/../../../../../H-x86_64-mingw32/nios2-elf/lib/mno-hw-mul\libm.a
LOAD c:/intelfpga_lite/20.1/nios2eds/bin/gnu/h-x86_64-mingw32/bin/../lib/gcc/nios2-elf/10.1.1/mno-hw-mul\libgcc.a
START GROUP
LOAD c:/intelfpga_lite/20.1/nios2eds/bin/gnu/h-x86_64-mingw32/bin/../lib/gcc/nios2-elf/10.1.1/../../../../../H-x86_64-mingw32/nios2-elf/lib/mno-hw-mul\libsmallc.a
LOAD c:/intelfpga_lite/20.1/nios2eds/bin/gnu/h-x86_64-mingw32/bin/../lib/gcc/nios2-elf/10.1.1/mno-hw-mul\libgcc.a
LOAD c:/Users/DELL/cyclone4_fpga/nios_blink/software/nios_blink_bsp/\libhal_bsp.a
LOAD c:/intelfpga_lite/20.1/nios2eds/bin/gnu/h-x86_64-mingw32/bin/../lib/gcc/nios2-elf/10.1.1/../../../../../H-x86_64-mingw32/nios2-elf/lib/mno-hw-mul\libm.a
END GROUP
LOAD c:/intelfpga_lite/20.1/nios2eds/bin/gnu/h-x86_64-mingw32/bin/../lib/gcc/nios2-elf/10.1.1/mno-hw-mul\libgcc.a
                0x0000000000008000                __alt_mem_onchip_mem = 0x8000

.entry          0x0000000000008000       0x20
 *(.entry)
 .entry         0x0000000000008000       0x20 c:/Users/DELL/cyclone4_fpga/nios_blink/software/nios_blink_bsp//obj/HAL/src/crt0.o
                0x0000000000008000                __reset
                0x000000000000800c                _exit

.exceptions     0x0000000000008020        0x0
                0x0000000000008020                PROVIDE (__ram_exceptions_start = ABSOLUTE (.))
                0x0000000000008020                . = ALIGN (0x20)
 *(.irq)
 *(.exceptions.entry.label)
 *(.exceptions.entry.user)
 *(.exceptions.entry.ecc_fatal)
 *(.exceptions.entry)
 *(.exceptions.irqtest.user)
 *(.exceptions.irqtest)
 *(.exceptions.irqhandler.user)
 *(.exceptions.irqhandler)
 *(.exceptions.irqreturn.user)
 *(.exceptions.irqreturn)
 *(.exceptions.notirq.label)
 *(.exceptions.notirq.user)
 *(.exceptions.notirq)
 *(.exceptions.soft.user)
 *(.exceptions.soft)
 *(.exceptions.unknown.user)
 *(.exceptions.unknown)
 *(.exceptions.exit.label)
 *(.exceptions.exit.user)
 *(.exceptions.exit)
 *(.exceptions)
                0x0000000000008020                PROVIDE (__ram_exceptions_end = ABSOLUTE (.))
                0x0000000000008020                PROVIDE (__flash_exceptions_start = LOADADDR (.exceptions))

.text           0x0000000000008020      0x208
                [!provide]                        PROVIDE (stext = ABSOLUTE (.))
 *(.interp)
 *(.hash)
 *(.dynsym)
 *(.dynstr)
 *(.gnu.version)
 *(.gnu.version_d)
 *(.gnu.version_r)
 *(.rel.init)
 *(.rela.init)
 *(.rel.text .rel.text.* .rel.gnu.linkonce.t.*)
 *(.rela.text .rela.text.* .rela.gnu.linkonce.t.*)
 *(.rel.fini)
 *(.rela.fini)
 *(.rel.rodata .rel.rodata.* .rel.gnu.linkonce.r.*)
 *(.rela.rodata .rela.rodata.* .rela.gnu.linkonce.r.*)
 *(.rel.data .rel.data.* .rel.gnu.linkonce.d.*)
 *(.rela.data .rela.data.* .rela.gnu.linkonce.d.*)
 *(.rel.tdata .rel.tdata.* .rel.gnu.linkonce.td.*)
 *(.rela.tdata .rela.tdata.* .rela.gnu.linkonce.td.*)
 *(.rel.tbss .rel.tbss.* .rel.gnu.linkonce.tb.*)
 *(.rela.tbss .rela.tbss.* .rela.gnu.linkonce.tb.*)
 *(.rel.ctors)
 *(.rela.ctors)
 *(.rel.dtors)
 *(.rela.dtors)
 *(.rel.got)
 *(.rela.got)
 *(.rel.sdata .rel.sdata.* .rel.gnu.linkonce.s.*)
 *(.rela.sdata .rela.sdata.* .rela.gnu.linkonce.s.*)
 *(.rel.sbss .rel.sbss.* .rel.gnu.linkonce.sb.*)
 *(.rela.sbss .rela.sbss.* .rela.gnu.linkonce.sb.*)
 *(.rel.sdata2 .rel.sdata2.* .rel.gnu.linkonce.s2.*)
 *(.rela.sdata2 .rela.sdata2.* .rela.gnu.linkonce.s2.*)
 *(.rel.sbss2 .rel.sbss2.* .rel.gnu.linkonce.sb2.*)
 *(.rela.sbss2 .rela.sbss2.* .rela.gnu.linkonce.sb2.*)
 *(.rel.bss .rel.bss.* .rel.gnu.linkonce.b.*)
 *(.rela.bss .rela.bss.* .rela.gnu.linkonce.b.*)
 *(.rel.plt)
 *(.rela.plt)
 *(.rel.dyn)
 *(.init)
 *(.plt)
 *(.text .stub .text.* .gnu.linkonce.t.*)
 .text          0x0000000000008020       0x3c c:/Users/DELL/cyclone4_fpga/nios_blink/software/nios_blink_bsp//obj/HAL/src/crt0.o
                0x0000000000008020                _start
 .text          0x000000000000805c        0x0 obj/default/hello_world_small.o
 .text.startup  0x000000000000805c       0x3c obj/default/hello_world_small.o
                0x000000000000805c                main
 .text          0x0000000000008098       0x84 c:/Users/DELL/cyclone4_fpga/nios_blink/software/nios_blink_bsp/\libhal_bsp.a(alt_load.o)
                0x0000000000008098                alt_load
 .text          0x000000000000811c       0x2c c:/Users/DELL/cyclone4_fpga/nios_blink/software/nios_blink_bsp/\libhal_bsp.a(alt_main.o)
                0x000000000000811c                alt_main
 .text          0x0000000000008148       0x38 c:/Users/DELL/cyclone4_fpga/nios_blink/software/nios_blink_bsp/\libhal_bsp.a(alt_putstr.o)
                0x0000000000008148                alt_putstr
 .text          0x0000000000008180       0x24 c:/Users/DELL/cyclone4_fpga/nios_blink/software/nios_blink_bsp/\libhal_bsp.a(alt_sys_init.o)
                0x0000000000008180                alt_irq_init
                0x00000000000081a0                alt_sys_init
 .text          0x00000000000081a4       0x30 c:/Users/DELL/cyclone4_fpga/nios_blink/software/nios_blink_bsp/\libhal_bsp.a(altera_avalon_jtag_uart_write.o)
                0x00000000000081a4                altera_avalon_jtag_uart_write
 .text          0x00000000000081d4        0x4 c:/Users/DELL/cyclone4_fpga/nios_blink/software/nios_blink_bsp/\libhal_bsp.a(alt_dcache_flush_all.o)
                0x00000000000081d4                alt_dcache_flush_all
 .text          0x00000000000081d8        0x4 c:/Users/DELL/cyclone4_fpga/nios_blink/software/nios_blink_bsp/\libhal_bsp.a(alt_icache_flush_all.o)
                0x00000000000081d8                alt_icache_flush_all
 .text          0x00000000000081dc        0x8 c:/Users/DELL/cyclone4_fpga/nios_blink/software/nios_blink_bsp/\libhal_bsp.a(altera_nios2_gen2_irq.o)
                0x00000000000081dc                altera_nios2_gen2_irq_init
 .text          0x00000000000081e4        0x0 c:/intelfpga_lite/20.1/nios2eds/bin/gnu/h-x86_64-mingw32/bin/../lib/gcc/nios2-elf/10.1.1/../../../../../H-x86_64-mingw32/nios2-elf/lib/mno-hw-mul\libsmallc.a(lib_a-memcpy.o)
 .text.memcpy   0x00000000000081e4       0x28 c:/intelfpga_lite/20.1/nios2eds/bin/gnu/h-x86_64-mingw32/bin/../lib/gcc/nios2-elf/10.1.1/../../../../../H-x86_64-mingw32/nios2-elf/lib/mno-hw-mul\libsmallc.a(lib_a-memcpy.o)
                0x00000000000081e4                memcpy
 .text          0x000000000000820c        0x0 c:/intelfpga_lite/20.1/nios2eds/bin/gnu/h-x86_64-mingw32/bin/../lib/gcc/nios2-elf/10.1.1/../../../../../H-x86_64-mingw32/nios2-elf/lib/mno-hw-mul\libsmallc.a(lib_a-strlen.o)
 .text.strlen   0x000000000000820c       0x1c c:/intelfpga_lite/20.1/nios2eds/bin/gnu/h-x86_64-mingw32/bin/../lib/gcc/nios2-elf/10.1.1/../../../../../H-x86_64-mingw32/nios2-elf/lib/mno-hw-mul\libsmallc.a(lib_a-strlen.o)
                0x000000000000820c                strlen
 *(.gnu.warning.*)
 *(.fini)
                [!provide]                        PROVIDE (__etext = ABSOLUTE (.))
                [!provide]                        PROVIDE (_etext = ABSOLUTE (.))
                [!provide]                        PROVIDE (etext = ABSOLUTE (.))
 *(.eh_frame_hdr)
                0x0000000000008228                . = ALIGN (0x4)
                [!provide]                        PROVIDE (__preinit_array_start = ABSOLUTE (.))
 *(.preinit_array)
                [!provide]                        PROVIDE (__preinit_array_end = ABSOLUTE (.))
                [!provide]                        PROVIDE (__init_array_start = ABSOLUTE (.))
 *(.init_array)
                [!provide]                        PROVIDE (__init_array_end = ABSOLUTE (.))
                [!provide]                        PROVIDE (__fini_array_start = ABSOLUTE (.))
 *(.fini_array)
                [!provide]                        PROVIDE (__fini_array_end = ABSOLUTE (.))
 *(.eh_frame)
 *(.gcc_except_table .gcc_except_table.*)
 *(.dynamic)
                [!provide]                        PROVIDE (__CTOR_LIST__ = ABSOLUTE (.))
 *(.ctors)
 *(SORT_BY_NAME(.ctors.*))
                [!provide]                        PROVIDE (__CTOR_END__ = ABSOLUTE (.))
                [!provide]                        PROVIDE (__DTOR_LIST__ = ABSOLUTE (.))
 *(.dtors)
 *(SORT_BY_NAME(.dtors.*))
                [!provide]                        PROVIDE (__DTOR_END__ = ABSOLUTE (.))
 *(.jcr)
                0x0000000000008228                . = ALIGN (0x4)

.rodata         0x0000000000008228       0x1c
                0x0000000000008228                PROVIDE (__ram_rodata_start = ABSOLUTE (.))
                0x0000000000008228                . = ALIGN (0x4)
 *(.rodata .rodata.* .gnu.linkonce.r.*)
 .rodata.str1.4
                0x0000000000008228       0x1b obj/default/hello_world_small.o
 *(.rodata1)
                0x0000000000008244                . = ALIGN (0x4)
 *fill*         0x0000000000008243        0x1 
                0x0000000000008244                PROVIDE (__ram_rodata_end = ABSOLUTE (.))
                0x0000000000008228                PROVIDE (__flash_rodata_start = LOADADDR (.rodata))

.rwdata         0x0000000000008244        0x4 load address 0x0000000000008248
                0x0000000000008244                PROVIDE (__ram_rwdata_start = ABSOLUTE (.))
                0x0000000000008244                . = ALIGN (0x4)
 *(.got.plt)
 *(.got)
 *(.data1)
 *(.data .data.* .gnu.linkonce.d.*)
 .data          0x0000000000008244        0x0 c:/Users/DELL/cyclone4_fpga/nios_blink/software/nios_blink_bsp//obj/HAL/src/crt0.o
 .data          0x0000000000008244        0x0 obj/default/hello_world_small.o
 .data          0x0000000000008244        0x0 c:/Users/DELL/cyclone4_fpga/nios_blink/software/nios_blink_bsp/\libhal_bsp.a(alt_load.o)
 .data          0x0000000000008244        0x0 c:/Users/DELL/cyclone4_fpga/nios_blink/software/nios_blink_bsp/\libhal_bsp.a(alt_main.o)
 .data          0x0000000000008244        0x0 c:/Users/DELL/cyclone4_fpga/nios_blink/software/nios_blink_bsp/\libhal_bsp.a(alt_putstr.o)
 .data          0x0000000000008244        0x0 c:/Users/DELL/cyclone4_fpga/nios_blink/software/nios_blink_bsp/\libhal_bsp.a(alt_sys_init.o)
 .data          0x0000000000008244        0x0 c:/Users/DELL/cyclone4_fpga/nios_blink/software/nios_blink_bsp/\libhal_bsp.a(altera_avalon_jtag_uart_write.o)
 .data          0x0000000000008244        0x0 c:/Users/DELL/cyclone4_fpga/nios_blink/software/nios_blink_bsp/\libhal_bsp.a(alt_dcache_flush_all.o)
 .data          0x0000000000008244        0x0 c:/Users/DELL/cyclone4_fpga/nios_blink/software/nios_blink_bsp/\libhal_bsp.a(alt_icache_flush_all.o)
 .data          0x0000000000008244        0x0 c:/Users/DELL/cyclone4_fpga/nios_blink/software/nios_blink_bsp/\libhal_bsp.a(altera_nios2_gen2_irq.o)
 .data          0x0000000000008244        0x0 c:/intelfpga_lite/20.1/nios2eds/bin/gnu/h-x86_64-mingw32/bin/../lib/gcc/nios2-elf/10.1.1/../../../../../H-x86_64-mingw32/nios2-elf/lib/mno-hw-mul\libsmallc.a(lib_a-memcpy.o)
 .data          0x0000000000008244        0x0 c:/intelfpga_lite/20.1/nios2eds/bin/gnu/h-x86_64-mingw32/bin/../lib/gcc/nios2-elf/10.1.1/../../../../../H-x86_64-mingw32/nios2-elf/lib/mno-hw-mul\libsmallc.a(lib_a-strlen.o)
                0x0000000000010244                _gp = ABSOLUTE ((. + 0x8000))
                [!provide]                        PROVIDE (gp = _gp)
 *(.rwdata .rwdata.*)
 *(.sdata .sdata.* .gnu.linkonce.s.*)
 .sdata         0x0000000000008244        0x4 c:/Users/DELL/cyclone4_fpga/nios_blink/software/nios_blink_bsp/\libhal_bsp.a(alt_sys_init.o)
                0x0000000000008244                jtag_uart_0
 *(.sdata2 .sdata2.* .gnu.linkonce.s2.*)
                0x0000000000008248                . = ALIGN (0x4)
                0x0000000000008248                _edata = ABSOLUTE (.)
                [!provide]                        PROVIDE (edata = ABSOLUTE (.))
                0x0000000000008248                PROVIDE (__ram_rwdata_end = ABSOLUTE (.))
                0x0000000000008248                PROVIDE (__flash_rwdata_start = LOADADDR (.rwdata))

.bss            0x000000000000824c        0xc
                0x000000000000824c                __bss_start = ABSOLUTE (.)
                [!provide]                        PROVIDE (__sbss_start = ABSOLUTE (.))
                [!provide]                        PROVIDE (___sbss_start = ABSOLUTE (.))
 *(.dynsbss)
 *(.sbss .sbss.* .gnu.linkonce.sb.*)
 .sbss          0x000000000000824c        0xc c:/Users/DELL/cyclone4_fpga/nios_blink/software/nios_blink_bsp/\libhal_bsp.a(alt_main.o)
                0x000000000000824c                alt_envp
                0x0000000000008250                alt_argv
                0x0000000000008254                alt_argc
 *(.sbss2 .sbss2.* .gnu.linkonce.sb2.*)
 *(.scommon)
                [!provide]                        PROVIDE (__sbss_end = ABSOLUTE (.))
                [!provide]                        PROVIDE (___sbss_end = ABSOLUTE (.))
 *(.dynbss)
 *(.bss .bss.* .gnu.linkonce.b.*)
 .bss           0x0000000000008258        0x0 c:/Users/DELL/cyclone4_fpga/nios_blink/software/nios_blink_bsp//obj/HAL/src/crt0.o
 .bss           0x0000000000008258        0x0 obj/default/hello_world_small.o
 .bss           0x0000000000008258        0x0 c:/Users/DELL/cyclone4_fpga/nios_blink/software/nios_blink_bsp/\libhal_bsp.a(alt_load.o)
 .bss           0x0000000000008258        0x0 c:/Users/DELL/cyclone4_fpga/nios_blink/software/nios_blink_bsp/\libhal_bsp.a(alt_main.o)
 .bss           0x0000000000008258        0x0 c:/Users/DELL/cyclone4_fpga/nios_blink/software/nios_blink_bsp/\libhal_bsp.a(alt_putstr.o)
 .bss           0x0000000000008258        0x0 c:/Users/DELL/cyclone4_fpga/nios_blink/software/nios_blink_bsp/\libhal_bsp.a(alt_sys_init.o)
 .bss           0x0000000000008258        0x0 c:/Users/DELL/cyclone4_fpga/nios_blink/software/nios_blink_bsp/\libhal_bsp.a(altera_avalon_jtag_uart_write.o)
 .bss           0x0000000000008258        0x0 c:/Users/DELL/cyclone4_fpga/nios_blink/software/nios_blink_bsp/\libhal_bsp.a(alt_dcache_flush_all.o)
 .bss           0x0000000000008258        0x0 c:/Users/DELL/cyclone4_fpga/nios_blink/software/nios_blink_bsp/\libhal_bsp.a(alt_icache_flush_all.o)
 .bss           0x0000000000008258        0x0 c:/Users/DELL/cyclone4_fpga/nios_blink/software/nios_blink_bsp/\libhal_bsp.a(altera_nios2_gen2_irq.o)
 .bss           0x0000000000008258        0x0 c:/intelfpga_lite/20.1/nios2eds/bin/gnu/h-x86_64-mingw32/bin/../lib/gcc/nios2-elf/10.1.1/../../../../../H-x86_64-mingw32/nios2-elf/lib/mno-hw-mul\libsmallc.a(lib_a-memcpy.o)
 .bss           0x0000000000008258        0x0 c:/intelfpga_lite/20.1/nios2eds/bin/gnu/h-x86_64-mingw32/bin/../lib/gcc/nios2-elf/10.1.1/../../../../../H-x86_64-mingw32/nios2-elf/lib/mno-hw-mul\libsmallc.a(lib_a-strlen.o)
 *(COMMON)
                0x0000000000008258                . = ALIGN (0x4)
                0x0000000000008258                __bss_end = ABSOLUTE (.)

.onchip_mem     0x0000000000008258        0x0
                [!provide]                        PROVIDE (_alt_partition_onchip_mem_start = ABSOLUTE (.))
 *(.onchip_mem .onchip_mem. onchip_mem.*)
                0x0000000000008258                . = ALIGN (0x4)
                [!provide]                        PROVIDE (_alt_partition_onchip_mem_end = ABSOLUTE (.))
                0x0000000000008258                _end = ABSOLUTE (.)
                0x0000000000008258                end = ABSOLUTE (.)
                0x0000000000008258                __alt_stack_base = ABSOLUTE (.)
                [!provide]                        PROVIDE (_alt_partition_onchip_mem_load_addr = LOADADDR (.onchip_mem))

.stab
 *(.stab)

.stabstr
 *(.stabstr)

.stab.excl
 *(.stab.excl)

.stab.exclstr
 *(.stab.exclstr)

.stab.index
 *(.stab.index)

.stab.indexstr
 *(.stab.indexstr)

.comment        0x0000000000000000       0x2d
 *(.comment)
 .comment       0x0000000000000000       0x2d obj/default/hello_world_small.o
                                         0x2e (size before relaxing)
 .comment       0x000000000000002d       0x2e c:/Users/DELL/cyclone4_fpga/nios_blink/software/nios_blink_bsp/\libhal_bsp.a(alt_load.o)
 .comment       0x000000000000002d       0x2e c:/Users/DELL/cyclone4_fpga/nios_blink/software/nios_blink_bsp/\libhal_bsp.a(alt_main.o)
 .comment       0x000000000000002d       0x2e c:/Users/DELL/cyclone4_fpga/nios_blink/software/nios_blink_bsp/\libhal_bsp.a(alt_putstr.o)
 .comment       0x000000000000002d       0x2e c:/Users/DELL/cyclone4_fpga/nios_blink/software/nios_blink_bsp/\libhal_bsp.a(alt_sys_init.o)
 .comment       0x000000000000002d       0x2e c:/Users/DELL/cyclone4_fpga/nios_blink/software/nios_blink_bsp/\libhal_bsp.a(altera_avalon_jtag_uart_write.o)
 .comment       0x000000000000002d       0x2e c:/Users/DELL/cyclone4_fpga/nios_blink/software/nios_blink_bsp/\libhal_bsp.a(alt_dcache_flush_all.o)
 .comment       0x000000000000002d       0x2e c:/Users/DELL/cyclone4_fpga/nios_blink/software/nios_blink_bsp/\libhal_bsp.a(alt_icache_flush_all.o)
 .comment       0x000000000000002d       0x2e c:/Users/DELL/cyclone4_fpga/nios_blink/software/nios_blink_bsp/\libhal_bsp.a(altera_nios2_gen2_irq.o)
 .comment       0x000000000000002d       0x2e c:/intelfpga_lite/20.1/nios2eds/bin/gnu/h-x86_64-mingw32/bin/../lib/gcc/nios2-elf/10.1.1/../../../../../H-x86_64-mingw32/nios2-elf/lib/mno-hw-mul\libsmallc.a(lib_a-memcpy.o)
 .comment       0x000000000000002d       0x2e c:/intelfpga_lite/20.1/nios2eds/bin/gnu/h-x86_64-mingw32/bin/../lib/gcc/nios2-elf/10.1.1/../../../../../H-x86_64-mingw32/nios2-elf/lib/mno-hw-mul\libsmallc.a(lib_a-strlen.o)

.debug
 *(.debug)

.line
 *(.line)

.debug_srcinfo
 *(.debug_srcinfo)

.debug_sfnames
 *(.debug_sfnames)

.debug_aranges  0x0000000000000000      0x188
 *(.debug_aranges)
 .debug_aranges
                0x0000000000000000       0x28 c:/Users/DELL/cyclone4_fpga/nios_blink/software/nios_blink_bsp//obj/HAL/src/crt0.o
 .debug_aranges
                0x0000000000000028       0x20 obj/default/hello_world_small.o
 .debug_aranges
                0x0000000000000048       0x20 c:/Users/DELL/cyclone4_fpga/nios_blink/software/nios_blink_bsp/\libhal_bsp.a(alt_load.o)
 .debug_aranges
                0x0000000000000068       0x20 c:/Users/DELL/cyclone4_fpga/nios_blink/software/nios_blink_bsp/\libhal_bsp.a(alt_main.o)
 .debug_aranges
                0x0000000000000088       0x20 c:/Users/DELL/cyclone4_fpga/nios_blink/software/nios_blink_bsp/\libhal_bsp.a(alt_putstr.o)
 .debug_aranges
                0x00000000000000a8       0x20 c:/Users/DELL/cyclone4_fpga/nios_blink/software/nios_blink_bsp/\libhal_bsp.a(alt_sys_init.o)
 .debug_aranges
                0x00000000000000c8       0x20 c:/Users/DELL/cyclone4_fpga/nios_blink/software/nios_blink_bsp/\libhal_bsp.a(altera_avalon_jtag_uart_write.o)
 .debug_aranges
                0x00000000000000e8       0x20 c:/Users/DELL/cyclone4_fpga/nios_blink/software/nios_blink_bsp/\libhal_bsp.a(alt_dcache_flush_all.o)
 .debug_aranges
                0x0000000000000108       0x20 c:/Users/DELL/cyclone4_fpga/nios_blink/software/nios_blink_bsp/\libhal_bsp.a(alt_icache_flush_all.o)
 .debug_aranges
                0x0000000000000128       0x20 c:/Users/DELL/cyclone4_fpga/nios_blink/software/nios_blink_bsp/\libhal_bsp.a(altera_nios2_gen2_irq.o)
 .debug_aranges
                0x0000000000000148       0x20 c:/intelfpga_lite/20.1/nios2eds/bin/gnu/h-x86_64-mingw32/bin/../lib/gcc/nios2-elf/10.1.1/../../../../../H-x86_64-mingw32/nios2-elf/lib/mno-hw-mul\libsmallc.a(lib_a-memcpy.o)
 .debug_aranges
                0x0000000000000168       0x20 c:/intelfpga_lite/20.1/nios2eds/bin/gnu/h-x86_64-mingw32/bin/../lib/gcc/nios2-elf/10.1.1/../../../../../H-x86_64-mingw32/nios2-elf/lib/mno-hw-mul\libsmallc.a(lib_a-strlen.o)

.debug_pubnames
 *(.debug_pubnames)

.debug_info     0x0000000000000000      0xbcf
 *(.debug_info .gnu.linkonce.wi.*)
 .debug_info    0x0000000000000000       0x22 c:/Users/DELL/cyclone4_fpga/nios_blink/software/nios_blink_bsp//obj/HAL/src/crt0.o
 .debug_info    0x0000000000000022       0xdb obj/default/hello_world_small.o
 .debug_info    0x00000000000000fd      0x267 c:/Users/DELL/cyclone4_fpga/nios_blink/software/nios_blink_bsp/\libhal_bsp.a(alt_load.o)
 .debug_info    0x0000000000000364      0x129 c:/Users/DELL/cyclone4_fpga/nios_blink/software/nios_blink_bsp/\libhal_bsp.a(alt_main.o)
 .debug_info    0x000000000000048d      0x132 c:/Users/DELL/cyclone4_fpga/nios_blink/software/nios_blink_bsp/\libhal_bsp.a(alt_putstr.o)
 .debug_info    0x00000000000005bf      0x12a c:/Users/DELL/cyclone4_fpga/nios_blink/software/nios_blink_bsp/\libhal_bsp.a(alt_sys_init.o)
 .debug_info    0x00000000000006e9      0x14a c:/Users/DELL/cyclone4_fpga/nios_blink/software/nios_blink_bsp/\libhal_bsp.a(altera_avalon_jtag_uart_write.o)
 .debug_info    0x0000000000000833       0x8c c:/Users/DELL/cyclone4_fpga/nios_blink/software/nios_blink_bsp/\libhal_bsp.a(alt_dcache_flush_all.o)
 .debug_info    0x00000000000008bf       0x8c c:/Users/DELL/cyclone4_fpga/nios_blink/software/nios_blink_bsp/\libhal_bsp.a(alt_icache_flush_all.o)
 .debug_info    0x000000000000094b       0x8c c:/Users/DELL/cyclone4_fpga/nios_blink/software/nios_blink_bsp/\libhal_bsp.a(altera_nios2_gen2_irq.o)
 .debug_info    0x00000000000009d7      0x128 c:/intelfpga_lite/20.1/nios2eds/bin/gnu/h-x86_64-mingw32/bin/../lib/gcc/nios2-elf/10.1.1/../../../../../H-x86_64-mingw32/nios2-elf/lib/mno-hw-mul\libsmallc.a(lib_a-memcpy.o)
 .debug_info    0x0000000000000aff       0xd0 c:/intelfpga_lite/20.1/nios2eds/bin/gnu/h-x86_64-mingw32/bin/../lib/gcc/nios2-elf/10.1.1/../../../../../H-x86_64-mingw32/nios2-elf/lib/mno-hw-mul\libsmallc.a(lib_a-strlen.o)

.debug_abbrev   0x0000000000000000      0x78d
 *(.debug_abbrev)
 .debug_abbrev  0x0000000000000000       0x12 c:/Users/DELL/cyclone4_fpga/nios_blink/software/nios_blink_bsp//obj/HAL/src/crt0.o
 .debug_abbrev  0x0000000000000012       0xb0 obj/default/hello_world_small.o
 .debug_abbrev  0x00000000000000c2      0x125 c:/Users/DELL/cyclone4_fpga/nios_blink/software/nios_blink_bsp/\libhal_bsp.a(alt_load.o)
 .debug_abbrev  0x00000000000001e7       0xba c:/Users/DELL/cyclone4_fpga/nios_blink/software/nios_blink_bsp/\libhal_bsp.a(alt_main.o)
 .debug_abbrev  0x00000000000002a1       0xe0 c:/Users/DELL/cyclone4_fpga/nios_blink/software/nios_blink_bsp/\libhal_bsp.a(alt_putstr.o)
 .debug_abbrev  0x0000000000000381      0x10b c:/Users/DELL/cyclone4_fpga/nios_blink/software/nios_blink_bsp/\libhal_bsp.a(alt_sys_init.o)
 .debug_abbrev  0x000000000000048c       0xea c:/Users/DELL/cyclone4_fpga/nios_blink/software/nios_blink_bsp/\libhal_bsp.a(altera_avalon_jtag_uart_write.o)
 .debug_abbrev  0x0000000000000576       0x44 c:/Users/DELL/cyclone4_fpga/nios_blink/software/nios_blink_bsp/\libhal_bsp.a(alt_dcache_flush_all.o)
 .debug_abbrev  0x00000000000005ba       0x44 c:/Users/DELL/cyclone4_fpga/nios_blink/software/nios_blink_bsp/\libhal_bsp.a(alt_icache_flush_all.o)
 .debug_abbrev  0x00000000000005fe       0x44 c:/Users/DELL/cyclone4_fpga/nios_blink/software/nios_blink_bsp/\libhal_bsp.a(altera_nios2_gen2_irq.o)
 .debug_abbrev  0x0000000000000642       0xbe c:/intelfpga_lite/20.1/nios2eds/bin/gnu/h-x86_64-mingw32/bin/../lib/gcc/nios2-elf/10.1.1/../../../../../H-x86_64-mingw32/nios2-elf/lib/mno-hw-mul\libsmallc.a(lib_a-memcpy.o)
 .debug_abbrev  0x0000000000000700       0x8d c:/intelfpga_lite/20.1/nios2eds/bin/gnu/h-x86_64-mingw32/bin/../lib/gcc/nios2-elf/10.1.1/../../../../../H-x86_64-mingw32/nios2-elf/lib/mno-hw-mul\libsmallc.a(lib_a-strlen.o)

.debug_line     0x0000000000000000      0x9fd
 *(.debug_line)
 .debug_line    0x0000000000000000       0x66 c:/Users/DELL/cyclone4_fpga/nios_blink/software/nios_blink_bsp//obj/HAL/src/crt0.o
 .debug_line    0x0000000000000066      0x148 obj/default/hello_world_small.o
 .debug_line    0x00000000000001ae      0x101 c:/Users/DELL/cyclone4_fpga/nios_blink/software/nios_blink_bsp/\libhal_bsp.a(alt_load.o)
 .debug_line    0x00000000000002af       0xe0 c:/Users/DELL/cyclone4_fpga/nios_blink/software/nios_blink_bsp/\libhal_bsp.a(alt_main.o)
 .debug_line    0x000000000000038f       0xb9 c:/Users/DELL/cyclone4_fpga/nios_blink/software/nios_blink_bsp/\libhal_bsp.a(alt_putstr.o)
 .debug_line    0x0000000000000448       0xd7 c:/Users/DELL/cyclone4_fpga/nios_blink/software/nios_blink_bsp/\libhal_bsp.a(alt_sys_init.o)
 .debug_line    0x000000000000051f       0xd6 c:/Users/DELL/cyclone4_fpga/nios_blink/software/nios_blink_bsp/\libhal_bsp.a(altera_avalon_jtag_uart_write.o)
 .debug_line    0x00000000000005f5       0x53 c:/Users/DELL/cyclone4_fpga/nios_blink/software/nios_blink_bsp/\libhal_bsp.a(alt_dcache_flush_all.o)
 .debug_line    0x0000000000000648       0x51 c:/Users/DELL/cyclone4_fpga/nios_blink/software/nios_blink_bsp/\libhal_bsp.a(alt_icache_flush_all.o)
 .debug_line    0x0000000000000699       0x5a c:/Users/DELL/cyclone4_fpga/nios_blink/software/nios_blink_bsp/\libhal_bsp.a(altera_nios2_gen2_irq.o)
 .debug_line    0x00000000000006f3      0x18d c:/intelfpga_lite/20.1/nios2eds/bin/gnu/h-x86_64-mingw32/bin/../lib/gcc/nios2-elf/10.1.1/../../../../../H-x86_64-mingw32/nios2-elf/lib/mno-hw-mul\libsmallc.a(lib_a-memcpy.o)
 .debug_line    0x0000000000000880      0x17d c:/intelfpga_lite/20.1/nios2eds/bin/gnu/h-x86_64-mingw32/bin/../lib/gcc/nios2-elf/10.1.1/../../../../../H-x86_64-mingw32/nios2-elf/lib/mno-hw-mul\libsmallc.a(lib_a-strlen.o)

.debug_frame    0x0000000000000000      0x1ac
 *(.debug_frame)
 .debug_frame   0x0000000000000000       0x28 obj/default/hello_world_small.o
 .debug_frame   0x0000000000000028       0x2c c:/Users/DELL/cyclone4_fpga/nios_blink/software/nios_blink_bsp/\libhal_bsp.a(alt_load.o)
 .debug_frame   0x0000000000000054       0x2c c:/Users/DELL/cyclone4_fpga/nios_blink/software/nios_blink_bsp/\libhal_bsp.a(alt_main.o)
 .debug_frame   0x0000000000000080       0x30 c:/Users/DELL/cyclone4_fpga/nios_blink/software/nios_blink_bsp/\libhal_bsp.a(alt_putstr.o)
 .debug_frame   0x00000000000000b0       0x3c c:/Users/DELL/cyclone4_fpga/nios_blink/software/nios_blink_bsp/\libhal_bsp.a(alt_sys_init.o)
 .debug_frame   0x00000000000000ec       0x20 c:/Users/DELL/cyclone4_fpga/nios_blink/software/nios_blink_bsp/\libhal_bsp.a(altera_avalon_jtag_uart_write.o)
 .debug_frame   0x000000000000010c       0x20 c:/Users/DELL/cyclone4_fpga/nios_blink/software/nios_blink_bsp/\libhal_bsp.a(alt_dcache_flush_all.o)
 .debug_frame   0x000000000000012c       0x20 c:/Users/DELL/cyclone4_fpga/nios_blink/software/nios_blink_bsp/\libhal_bsp.a(alt_icache_flush_all.o)
 .debug_frame   0x000000000000014c       0x20 c:/Users/DELL/cyclone4_fpga/nios_blink/software/nios_blink_bsp/\libhal_bsp.a(altera_nios2_gen2_irq.o)
 .debug_frame   0x000000000000016c       0x20 c:/intelfpga_lite/20.1/nios2eds/bin/gnu/h-x86_64-mingw32/bin/../lib/gcc/nios2-elf/10.1.1/../../../../../H-x86_64-mingw32/nios2-elf/lib/mno-hw-mul\libsmallc.a(lib_a-memcpy.o)
 .debug_frame   0x000000000000018c       0x20 c:/intelfpga_lite/20.1/nios2eds/bin/gnu/h-x86_64-mingw32/bin/../lib/gcc/nios2-elf/10.1.1/../../../../../H-x86_64-mingw32/nios2-elf/lib/mno-hw-mul\libsmallc.a(lib_a-strlen.o)

.debug_str      0x0000000000000000      0x5eb
 *(.debug_str)
 .debug_str     0x0000000000000000       0x5d c:/Users/DELL/cyclone4_fpga/nios_blink/software/nios_blink_bsp//obj/HAL/src/crt0.o
 .debug_str     0x000000000000005d      0x10a obj/default/hello_world_small.o
                                        0x136 (size before relaxing)
 .debug_str     0x0000000000000167      0x138 c:/Users/DELL/cyclone4_fpga/nios_blink/software/nios_blink_bsp/\libhal_bsp.a(alt_load.o)
                                        0x25a (size before relaxing)
 .debug_str     0x000000000000029f       0x5e c:/Users/DELL/cyclone4_fpga/nios_blink/software/nios_blink_bsp/\libhal_bsp.a(alt_main.o)
                                        0x18a (size before relaxing)
 .debug_str     0x00000000000002fd       0x66 c:/Users/DELL/cyclone4_fpga/nios_blink/software/nios_blink_bsp/\libhal_bsp.a(alt_putstr.o)
                                        0x198 (size before relaxing)
 .debug_str     0x0000000000000363       0x6b c:/Users/DELL/cyclone4_fpga/nios_blink/software/nios_blink_bsp/\libhal_bsp.a(alt_sys_init.o)
                                        0x1d8 (size before relaxing)
 .debug_str     0x00000000000003ce       0x32 c:/Users/DELL/cyclone4_fpga/nios_blink/software/nios_blink_bsp/\libhal_bsp.a(altera_avalon_jtag_uart_write.o)
                                        0x1c7 (size before relaxing)
 .debug_str     0x0000000000000400       0x1f c:/Users/DELL/cyclone4_fpga/nios_blink/software/nios_blink_bsp/\libhal_bsp.a(alt_dcache_flush_all.o)
                                        0x15b (size before relaxing)
 .debug_str     0x000000000000041f       0x1f c:/Users/DELL/cyclone4_fpga/nios_blink/software/nios_blink_bsp/\libhal_bsp.a(alt_icache_flush_all.o)
                                        0x15b (size before relaxing)
 .debug_str     0x000000000000043e       0x20 c:/Users/DELL/cyclone4_fpga/nios_blink/software/nios_blink_bsp/\libhal_bsp.a(altera_nios2_gen2_irq.o)
                                        0x162 (size before relaxing)
 .debug_str     0x000000000000045e      0x14e c:/intelfpga_lite/20.1/nios2eds/bin/gnu/h-x86_64-mingw32/bin/../lib/gcc/nios2-elf/10.1.1/../../../../../H-x86_64-mingw32/nios2-elf/lib/mno-hw-mul\libsmallc.a(lib_a-memcpy.o)
                                        0x1ea (size before relaxing)
 .debug_str     0x00000000000005ac       0x3f c:/intelfpga_lite/20.1/nios2eds/bin/gnu/h-x86_64-mingw32/bin/../lib/gcc/nios2-elf/10.1.1/../../../../../H-x86_64-mingw32/nios2-elf/lib/mno-hw-mul\libsmallc.a(lib_a-strlen.o)
                                        0x1dc (size before relaxing)

.debug_loc      0x0000000000000000      0x300
 *(.debug_loc)
 .debug_loc     0x0000000000000000       0x9b obj/default/hello_world_small.o
 .debug_loc     0x000000000000009b       0x3f c:/Users/DELL/cyclone4_fpga/nios_blink/software/nios_blink_bsp/\libhal_bsp.a(alt_putstr.o)
 .debug_loc     0x00000000000000da       0x25 c:/Users/DELL/cyclone4_fpga/nios_blink/software/nios_blink_bsp/\libhal_bsp.a(alt_sys_init.o)
 .debug_loc     0x00000000000000ff       0x93 c:/Users/DELL/cyclone4_fpga/nios_blink/software/nios_blink_bsp/\libhal_bsp.a(altera_avalon_jtag_uart_write.o)
 .debug_loc     0x0000000000000192      0x12a c:/intelfpga_lite/20.1/nios2eds/bin/gnu/h-x86_64-mingw32/bin/../lib/gcc/nios2-elf/10.1.1/../../../../../H-x86_64-mingw32/nios2-elf/lib/mno-hw-mul\libsmallc.a(lib_a-memcpy.o)
 .debug_loc     0x00000000000002bc       0x44 c:/intelfpga_lite/20.1/nios2eds/bin/gnu/h-x86_64-mingw32/bin/../lib/gcc/nios2-elf/10.1.1/../../../../../H-x86_64-mingw32/nios2-elf/lib/mno-hw-mul\libsmallc.a(lib_a-strlen.o)

.debug_macinfo
 *(.debug_macinfo)

.debug_weaknames
 *(.debug_weaknames)

.debug_funcnames
 *(.debug_funcnames)

.debug_typenames
 *(.debug_typenames)

.debug_varnames
 *(.debug_varnames)

.debug_alt_sim_info
                0x0000000000000000       0x10
 *(.debug_alt_sim_info)
 .debug_alt_sim_info
                0x0000000000000000       0x10 c:/Users/DELL/cyclone4_fpga/nios_blink/software/nios_blink_bsp//obj/HAL/src/crt0.o
                0x000000000000d000                __alt_data_end = 0xd000
                0x000000000000d000                PROVIDE (__alt_stack_pointer = __alt_data_end)
                [!provide]                        PROVIDE (__alt_stack_limit = __alt_stack_base)
                [!provide]                        PROVIDE (__alt_heap_start = end)
                [!provide]                        PROVIDE (__alt_heap_limit = 0xd000)
OUTPUT(nios_blink.elf elf32-littlenios2)
LOAD linker stubs

.debug_ranges   0x0000000000000000       0x98
 .debug_ranges  0x0000000000000000       0x20 c:/Users/DELL/cyclone4_fpga/nios_blink/software/nios_blink_bsp//obj/HAL/src/crt0.o
 .debug_ranges  0x0000000000000020       0x28 obj/default/hello_world_small.o
 .debug_ranges  0x0000000000000048       0x30 c:/Users/DELL/cyclone4_fpga/nios_blink/software/nios_blink_bsp/\libhal_bsp.a(alt_load.o)
 .debug_ranges  0x0000000000000078       0x10 c:/intelfpga_lite/20.1/nios2eds/bin/gnu/h-x86_64-mingw32/bin/../lib/gcc/nios2-elf/10.1.1/../../../../../H-x86_64-mingw32/nios2-elf/lib/mno-hw-mul\libsmallc.a(lib_a-memcpy.o)
 .debug_ranges  0x0000000000000088       0x10 c:/intelfpga_lite/20.1/nios2eds/bin/gnu/h-x86_64-mingw32/bin/../lib/gcc/nios2-elf/10.1.1/../../../../../H-x86_64-mingw32/nios2-elf/lib/mno-hw-mul\libsmallc.a(lib_a-strlen.o)
